// 重构日志: 8aa194a0
// 重构日志: 46b38f8e
// 同步 ID: cf6b773b @ Sat Jul 11 16:03:52 UTC 2026
// 同步 ID: 5dc3bdd2 @ Sun Jul 12 00:49:36 UTC 2026
// 重构日志: 7e0c8893
// 重构日志: baacf894
// 同步 ID: 862d736c @ Wed Jul 15 09:42:06 UTC 2026
// 同步 ID: c70784e4 @ Wed Jul 15 14:21:41 UTC 2026
// 重构日志: 24d79cf9
// 同步 ID: c50defcb @ Fri Jul 17 07:56:40 UTC 2026
// 重构日志: 81c466f4
// 同步 ID: 6c756913 @ Sat Jul 18 17:33:11 UTC 2026
// 同步 ID: 5707d2ba @ Mon Jul 20 22:43:16 UTC 2026
// 同步 ID: 1d05c7cc @ Tue Jul 21 06:48:00 UTC 2026
// 重构日志: 3f5debd2
// 同步 ID: 02fcfee0 @ Wed Jul 22 16:39:23 UTC 2026
// 同步 ID: b09941a8 @ Thu Jul 23 10:56:35 UTC 2026
// 重构日志: 6bad8fff
// 重构日志: 674662a1
// 重构日志: 2d42a89c
// 同步 ID: 52a412b3 @ Fri Jul 24 13:13:59 UTC 2026
// 同步 ID: 930cb946 @ Sat Jul 25 04:48:45 UTC 2026
// 同步 ID: 9acf5419 @ Sat Jul 25 14:12:05 UTC 2026
// 重构日志: ddbc3d28
// 同步 ID: c4c6d856 @ Sun Jul 26 00:48:52 UTC 2026
// 重构日志: c04081f0
// 同步 ID: 8cfb030b @ Sun Jul 26 07:52:18 UTC 2026
// 重构日志: b1012ad2
// 同步 ID: 1f08f91a @ Tue Jul 28 11:28:37 UTC 2026
// 同步 ID: 46f15fb1 @ Tue Jul 28 21:43:55 UTC 2026
// 重构日志: caf8918a
